Archive member included because of file (symbol)

c:/winavr-20100110/bin/../lib/gcc/avr/4.3.3/avr5\libgcc.a(_mulsi3.o)
                              ./MCAL/MTIMER0/MTIMER0_prog.o (__mulsi3)
c:/winavr-20100110/bin/../lib/gcc/avr/4.3.3/avr5\libgcc.a(_udivmodqi4.o)
                              ./MCAL/MDIO/MDIO_prog.o (__udivmodqi4)
c:/winavr-20100110/bin/../lib/gcc/avr/4.3.3/avr5\libgcc.a(_udivmodhi4.o)
                              ./HAL/H4SSD/H4SSD_prog.o (__udivmodhi4)
c:/winavr-20100110/bin/../lib/gcc/avr/4.3.3/avr5\libgcc.a(_divmodhi4.o)
                              ./MCAL/MTIMER0/MTIMER0_prog.o (__divmodhi4)
c:/winavr-20100110/bin/../lib/gcc/avr/4.3.3/avr5\libgcc.a(_udivmodsi4.o)
                              ./HAL/HLM35/HLM35_prog.o (__udivmodsi4)
c:/winavr-20100110/bin/../lib/gcc/avr/4.3.3/avr5\libgcc.a(_divmodsi4.o)
                              ./HAL/H20x4LCD/H20x4LCD_prog.o (__divmodsi4)
c:/winavr-20100110/bin/../lib/gcc/avr/4.3.3/avr5\libgcc.a(_exit.o)
                              c:/winavr-20100110/bin/../lib/gcc/avr/4.3.3/../../../../avr/lib/avr5/crtm32.o (exit)
c:/winavr-20100110/bin/../lib/gcc/avr/4.3.3/avr5\libgcc.a(_copy_data.o)
                              ./MCAL/MTIMER0/MTIMER0_prog.o (__do_copy_data)
c:/winavr-20100110/bin/../lib/gcc/avr/4.3.3/avr5\libgcc.a(_clear_bss.o)
                              ./MCAL/MUSART/MUSART_prog.o (__do_clear_bss)
c:/winavr-20100110/bin/../lib/gcc/avr/4.3.3/avr5\libgcc.a(_fixunssfsi.o)
                              ./MCAL/MTIMER0/MTIMER0_prog.o (__fixunssfsi)
c:/winavr-20100110/bin/../lib/gcc/avr/4.3.3/avr5\libgcc.a(_addsub_sf.o)
                              c:/winavr-20100110/bin/../lib/gcc/avr/4.3.3/avr5\libgcc.a(_fixunssfsi.o) (__subsf3)
c:/winavr-20100110/bin/../lib/gcc/avr/4.3.3/avr5\libgcc.a(_mul_sf.o)
                              ./HAL/HULTRA/HULTRA_prog.o (__mulsf3)
c:/winavr-20100110/bin/../lib/gcc/avr/4.3.3/avr5\libgcc.a(_div_sf.o)
                              ./MCAL/MTIMER0/MTIMER0_prog.o (__divsf3)
c:/winavr-20100110/bin/../lib/gcc/avr/4.3.3/avr5\libgcc.a(_gt_sf.o)
                              ./HAL/HULTRA/HULTRA_prog.o (__gtsf2)
c:/winavr-20100110/bin/../lib/gcc/avr/4.3.3/avr5\libgcc.a(_ge_sf.o)
                              c:/winavr-20100110/bin/../lib/gcc/avr/4.3.3/avr5\libgcc.a(_fixunssfsi.o) (__gesf2)
c:/winavr-20100110/bin/../lib/gcc/avr/4.3.3/avr5\libgcc.a(_lt_sf.o)
                              ./HAL/HULTRA/HULTRA_prog.o (__ltsf2)
c:/winavr-20100110/bin/../lib/gcc/avr/4.3.3/avr5\libgcc.a(_sf_to_si.o)
                              c:/winavr-20100110/bin/../lib/gcc/avr/4.3.3/avr5\libgcc.a(_fixunssfsi.o) (__fixsfsi)
c:/winavr-20100110/bin/../lib/gcc/avr/4.3.3/avr5\libgcc.a(_thenan_sf.o)
                              c:/winavr-20100110/bin/../lib/gcc/avr/4.3.3/avr5\libgcc.a(_addsub_sf.o) (__thenan_sf)
c:/winavr-20100110/bin/../lib/gcc/avr/4.3.3/avr5\libgcc.a(_usi_to_sf.o)
                              ./MCAL/MTIMER0/MTIMER0_prog.o (__floatunsisf)
c:/winavr-20100110/bin/../lib/gcc/avr/4.3.3/avr5\libgcc.a(_prologue.o)
                              c:/winavr-20100110/bin/../lib/gcc/avr/4.3.3/avr5\libgcc.a(_addsub_sf.o) (__prologue_saves__)
c:/winavr-20100110/bin/../lib/gcc/avr/4.3.3/avr5\libgcc.a(_epilogue.o)
                              c:/winavr-20100110/bin/../lib/gcc/avr/4.3.3/avr5\libgcc.a(_addsub_sf.o) (__epilogue_restores__)
c:/winavr-20100110/bin/../lib/gcc/avr/4.3.3/avr5\libgcc.a(_clzsi2.o)
                              c:/winavr-20100110/bin/../lib/gcc/avr/4.3.3/avr5\libgcc.a(_usi_to_sf.o) (__clzsi2)
c:/winavr-20100110/bin/../lib/gcc/avr/4.3.3/avr5\libgcc.a(_pack_sf.o)
                              c:/winavr-20100110/bin/../lib/gcc/avr/4.3.3/avr5\libgcc.a(_addsub_sf.o) (__pack_f)
c:/winavr-20100110/bin/../lib/gcc/avr/4.3.3/avr5\libgcc.a(_unpack_sf.o)
                              c:/winavr-20100110/bin/../lib/gcc/avr/4.3.3/avr5\libgcc.a(_addsub_sf.o) (__unpack_f)
c:/winavr-20100110/bin/../lib/gcc/avr/4.3.3/avr5\libgcc.a(_fpcmp_parts_sf.o)
                              c:/winavr-20100110/bin/../lib/gcc/avr/4.3.3/avr5\libgcc.a(_gt_sf.o) (__fpcmp_parts_f)
c:/winavr-20100110/bin/../lib/gcc/avr/4.3.3/avr5\libgcc.a(_clz.o)
                              c:/winavr-20100110/bin/../lib/gcc/avr/4.3.3/avr5\libgcc.a(_clzsi2.o) (__clz_tab)
c:/winavr-20100110/bin/../lib/gcc/avr/4.3.3/../../../../avr/lib/avr5\libc.a(ceil.o)
                              ./HAL/HULTRA/HULTRA_prog.o (ceil)
c:/winavr-20100110/bin/../lib/gcc/avr/4.3.3/../../../../avr/lib/avr5\libc.a(fp_mintl.o)
                              c:/winavr-20100110/bin/../lib/gcc/avr/4.3.3/../../../../avr/lib/avr5\libc.a(ceil.o) (__fp_mintl)
c:/winavr-20100110/bin/../lib/gcc/avr/4.3.3/../../../../avr/lib/avr5\libc.a(fp_mpack.o)
                              c:/winavr-20100110/bin/../lib/gcc/avr/4.3.3/../../../../avr/lib/avr5\libc.a(ceil.o) (__fp_mpack)
c:/winavr-20100110/bin/../lib/gcc/avr/4.3.3/../../../../avr/lib/avr5\libc.a(fp_trunc.o)
                              c:/winavr-20100110/bin/../lib/gcc/avr/4.3.3/../../../../avr/lib/avr5\libc.a(ceil.o) (__fp_trunc)
c:/winavr-20100110/bin/../lib/gcc/avr/4.3.3/../../../../avr/lib/avr5\libc.a(fp_zero.o)
                              c:/winavr-20100110/bin/../lib/gcc/avr/4.3.3/../../../../avr/lib/avr5\libc.a(ceil.o) (__fp_szero)
c:/winavr-20100110/bin/../lib/gcc/avr/4.3.3/../../../../avr/lib/avr5\libc.a(fp_split3.o)
                              c:/winavr-20100110/bin/../lib/gcc/avr/4.3.3/../../../../avr/lib/avr5\libc.a(fp_trunc.o) (__fp_splitA)

Memory Configuration

Name             Origin             Length             Attributes
text             0x00000000         0x00020000         xr
data             0x00800060         0x0000ffa0         rw !x
eeprom           0x00810000         0x00010000         rw !x
fuse             0x00820000         0x00000400         rw !x
lock             0x00830000         0x00000400         rw !x
signature        0x00840000         0x00000400         rw !x
*default*        0x00000000         0xffffffff

Linker script and memory map

LOAD c:/winavr-20100110/bin/../lib/gcc/avr/4.3.3/../../../../avr/lib/avr5/crtm32.o
LOAD ./MCAL/MWDT/MWDT_prog.o
LOAD ./MCAL/MUSART/MUSART_prog.o
LOAD ./MCAL/MTWI/MTWI_prog.o
LOAD ./MCAL/MTIMER1/MTIMER1_prg.o
LOAD ./MCAL/MTIMER0/MTIMER0_prog.o
LOAD ./MCAL/MSPI/MSPI_prog.o
LOAD ./MCAL/MGIE/MGIE_prog.o
LOAD ./MCAL/MEXTI/MEXTI_prog.o
LOAD ./MCAL/MDIO/MDIO_prog.o
LOAD ./MCAL/MADC/MADC_prog.o
LOAD ./HAL/HULTRA/HULTRA_prog.o
LOAD ./HAL/HSSD/HSSD_prog.o
LOAD ./HAL/HPB/HPB_prog.o
LOAD ./HAL/HMOTOR/HMOTOR_prog.o
LOAD ./HAL/HLM35/HLM35_prog.o
LOAD ./HAL/HLED/HLED_prog.o
LOAD ./HAL/HKEYPAD/HKEYPAD_prog.o
LOAD ./HAL/HEEPROM/HEEPROM_prog.o
LOAD ./HAL/HBUZZ/HBUZZ_prog.o
LOAD ./HAL/H4SSD/H4SSD_prog.o
LOAD ./HAL/H20x4LCD/H20x4LCD_prog.o
LOAD ./HAL/H16x2LCD/H16x2LCD_prog.o
LOAD ./APP/APP_prog.o
LOAD ./main.o
LOAD c:/winavr-20100110/bin/../lib/gcc/avr/4.3.3/avr5\libgcc.a
LOAD c:/winavr-20100110/bin/../lib/gcc/avr/4.3.3/../../../../avr/lib/avr5\libc.a
LOAD c:/winavr-20100110/bin/../lib/gcc/avr/4.3.3/avr5\libgcc.a

.hash
 *(.hash)

.dynsym
 *(.dynsym)

.dynstr
 *(.dynstr)

.gnu.version
 *(.gnu.version)

.gnu.version_d
 *(.gnu.version_d)

.gnu.version_r
 *(.gnu.version_r)

.rel.init
 *(.rel.init)

.rela.init
 *(.rela.init)

.rel.text
 *(.rel.text)
 *(.rel.text.*)
 *(.rel.gnu.linkonce.t*)

.rela.text
 *(.rela.text)
 *(.rela.text.*)
 *(.rela.gnu.linkonce.t*)

.rel.fini
 *(.rel.fini)

.rela.fini
 *(.rela.fini)

.rel.rodata
 *(.rel.rodata)
 *(.rel.rodata.*)
 *(.rel.gnu.linkonce.r*)

.rela.rodata
 *(.rela.rodata)
 *(.rela.rodata.*)
 *(.rela.gnu.linkonce.r*)

.rel.data
 *(.rel.data)
 *(.rel.data.*)
 *(.rel.gnu.linkonce.d*)

.rela.data
 *(.rela.data)
 *(.rela.data.*)
 *(.rela.gnu.linkonce.d*)

.rel.ctors
 *(.rel.ctors)

.rela.ctors
 *(.rela.ctors)

.rel.dtors
 *(.rel.dtors)

.rela.dtors
 *(.rela.dtors)

.rel.got
 *(.rel.got)

.rela.got
 *(.rela.got)

.rel.bss
 *(.rel.bss)

.rela.bss
 *(.rela.bss)

.rel.plt
 *(.rel.plt)

.rela.plt
 *(.rela.plt)

.text           0x00000000     0x6f1a
 *(.vectors)
 .vectors       0x00000000       0x54 c:/winavr-20100110/bin/../lib/gcc/avr/4.3.3/../../../../avr/lib/avr5/crtm32.o
                0x00000000                __vectors
                0x00000000                __vector_default
 *(.vectors)
 *(.progmem.gcc*)
 *(.progmem*)
                0x00000054                . = ALIGN (0x2)
                0x00000054                __trampolines_start = .
 *(.trampolines)
 .trampolines   0x00000054        0x0 linker stubs
 *(.trampolines*)
                0x00000054                __trampolines_end = .
 *(.jumptables)
 *(.jumptables*)
 *(.lowtext)
 *(.lowtext*)
                0x00000054                __ctors_start = .
 *(.ctors)
                0x00000054                __ctors_end = .
                0x00000054                __dtors_start = .
 *(.dtors)
                0x00000054                __dtors_end = .
 SORT(*)(.ctors)
 SORT(*)(.dtors)
 *(.init0)
 .init0         0x00000054        0x0 c:/winavr-20100110/bin/../lib/gcc/avr/4.3.3/../../../../avr/lib/avr5/crtm32.o
                0x00000054                __init
 *(.init0)
 *(.init1)
 *(.init1)
 *(.init2)
 .init2         0x00000054        0xc c:/winavr-20100110/bin/../lib/gcc/avr/4.3.3/../../../../avr/lib/avr5/crtm32.o
 *(.init2)
 *(.init3)
 *(.init3)
 *(.init4)
 .init4         0x00000060       0x16 c:/winavr-20100110/bin/../lib/gcc/avr/4.3.3/avr5\libgcc.a(_copy_data.o)
                0x00000060                __do_copy_data
 .init4         0x00000076       0x10 c:/winavr-20100110/bin/../lib/gcc/avr/4.3.3/avr5\libgcc.a(_clear_bss.o)
                0x00000076                __do_clear_bss
 *(.init4)
 *(.init5)
 *(.init5)
 *(.init6)
 *(.init6)
 *(.init7)
 *(.init7)
 *(.init8)
 *(.init8)
 *(.init9)
 .init9         0x00000086        0x8 c:/winavr-20100110/bin/../lib/gcc/avr/4.3.3/../../../../avr/lib/avr5/crtm32.o
 *(.init9)
 *(.text)
 .text          0x0000008e        0x4 c:/winavr-20100110/bin/../lib/gcc/avr/4.3.3/../../../../avr/lib/avr5/crtm32.o
                0x0000008e                __vector_12
                0x0000008e                __bad_interrupt
                0x0000008e                __vector_13
                0x0000008e                __vector_17
                0x0000008e                __vector_19
                0x0000008e                __vector_7
                0x0000008e                __vector_5
                0x0000008e                __vector_4
                0x0000008e                __vector_15
                0x0000008e                __vector_8
                0x0000008e                __vector_14
                0x0000008e                __vector_16
                0x0000008e                __vector_18
                0x0000008e                __vector_20
 .text          0x00000092        0x0 ./MCAL/MWDT/MWDT_prog.o
 .text          0x00000092        0x0 ./MCAL/MUSART/MUSART_prog.o
 .text          0x00000092        0x0 ./MCAL/MTWI/MTWI_prog.o
 .text          0x00000092        0x0 ./MCAL/MTIMER1/MTIMER1_prg.o
 .text          0x00000092        0x0 ./MCAL/MTIMER0/MTIMER0_prog.o
 .text          0x00000092        0x0 ./MCAL/MSPI/MSPI_prog.o
 .text          0x00000092        0x0 ./MCAL/MGIE/MGIE_prog.o
 .text          0x00000092        0x0 ./MCAL/MEXTI/MEXTI_prog.o
 .text          0x00000092        0x0 ./MCAL/MDIO/MDIO_prog.o
 .text          0x00000092        0x0 ./MCAL/MADC/MADC_prog.o
 .text          0x00000092        0x0 ./HAL/HULTRA/HULTRA_prog.o
 .text          0x00000092        0x0 ./HAL/HSSD/HSSD_prog.o
 .text          0x00000092        0x0 ./HAL/HPB/HPB_prog.o
 .text          0x00000092        0x0 ./HAL/HMOTOR/HMOTOR_prog.o
 .text          0x00000092        0x0 ./HAL/HLM35/HLM35_prog.o
 .text          0x00000092        0x0 ./HAL/HLED/HLED_prog.o
 .text          0x00000092        0x0 ./HAL/HKEYPAD/HKEYPAD_prog.o
 .text          0x00000092        0x0 ./HAL/HEEPROM/HEEPROM_prog.o
 .text          0x00000092        0x0 ./HAL/HBUZZ/HBUZZ_prog.o
 .text          0x00000092        0x0 ./HAL/H4SSD/H4SSD_prog.o
 .text          0x00000092        0x0 ./HAL/H20x4LCD/H20x4LCD_prog.o
 .text          0x00000092        0x0 ./HAL/H16x2LCD/H16x2LCD_prog.o
 .text          0x00000092        0x0 ./APP/APP_prog.o
 .text          0x00000092        0x0 ./main.o
 .text          0x00000092        0x0 c:/winavr-20100110/bin/../lib/gcc/avr/4.3.3/avr5\libgcc.a(_mulsi3.o)
 .text          0x00000092        0x0 c:/winavr-20100110/bin/../lib/gcc/avr/4.3.3/avr5\libgcc.a(_udivmodqi4.o)
 .text          0x00000092        0x0 c:/winavr-20100110/bin/../lib/gcc/avr/4.3.3/avr5\libgcc.a(_udivmodhi4.o)
 .text          0x00000092        0x0 c:/winavr-20100110/bin/../lib/gcc/avr/4.3.3/avr5\libgcc.a(_divmodhi4.o)
 .text          0x00000092        0x0 c:/winavr-20100110/bin/../lib/gcc/avr/4.3.3/avr5\libgcc.a(_udivmodsi4.o)
 .text          0x00000092        0x0 c:/winavr-20100110/bin/../lib/gcc/avr/4.3.3/avr5\libgcc.a(_divmodsi4.o)
 .text          0x00000092        0x0 c:/winavr-20100110/bin/../lib/gcc/avr/4.3.3/avr5\libgcc.a(_exit.o)
 .text          0x00000092        0x0 c:/winavr-20100110/bin/../lib/gcc/avr/4.3.3/avr5\libgcc.a(_copy_data.o)
 .text          0x00000092        0x0 c:/winavr-20100110/bin/../lib/gcc/avr/4.3.3/avr5\libgcc.a(_clear_bss.o)
 .text          0x00000092       0x58 c:/winavr-20100110/bin/../lib/gcc/avr/4.3.3/avr5\libgcc.a(_fixunssfsi.o)
                0x00000092                __fixunssfsi
 .text          0x000000ea      0x354 c:/winavr-20100110/bin/../lib/gcc/avr/4.3.3/avr5\libgcc.a(_addsub_sf.o)
                0x00000382                __subsf3
                0x000003e4                __addsf3
 .text          0x0000043e      0x1f4 c:/winavr-20100110/bin/../lib/gcc/avr/4.3.3/avr5\libgcc.a(_mul_sf.o)
                0x0000043e                __mulsf3
 .text          0x00000632      0x158 c:/winavr-20100110/bin/../lib/gcc/avr/4.3.3/avr5\libgcc.a(_div_sf.o)
                0x00000632                __divsf3
 .text          0x0000078a       0x60 c:/winavr-20100110/bin/../lib/gcc/avr/4.3.3/avr5\libgcc.a(_gt_sf.o)
                0x0000078a                __gtsf2
 .text          0x000007ea       0x60 c:/winavr-20100110/bin/../lib/gcc/avr/4.3.3/avr5\libgcc.a(_ge_sf.o)
                0x000007ea                __gesf2
 .text          0x0000084a       0x60 c:/winavr-20100110/bin/../lib/gcc/avr/4.3.3/avr5\libgcc.a(_lt_sf.o)
                0x0000084a                __ltsf2
 .text          0x000008aa       0xa8 c:/winavr-20100110/bin/../lib/gcc/avr/4.3.3/avr5\libgcc.a(_sf_to_si.o)
                0x000008aa                __fixsfsi
 .text          0x00000952        0x0 c:/winavr-20100110/bin/../lib/gcc/avr/4.3.3/avr5\libgcc.a(_thenan_sf.o)
 .text          0x00000952       0xf2 c:/winavr-20100110/bin/../lib/gcc/avr/4.3.3/avr5\libgcc.a(_usi_to_sf.o)
                0x00000952                __floatunsisf
 .text          0x00000a44        0x0 c:/winavr-20100110/bin/../lib/gcc/avr/4.3.3/avr5\libgcc.a(_prologue.o)
 .text          0x00000a44        0x0 c:/winavr-20100110/bin/../lib/gcc/avr/4.3.3/avr5\libgcc.a(_epilogue.o)
 .text          0x00000a44       0x9e c:/winavr-20100110/bin/../lib/gcc/avr/4.3.3/avr5\libgcc.a(_clzsi2.o)
                0x00000a44                __clzsi2
 .text          0x00000ae2      0x1aa c:/winavr-20100110/bin/../lib/gcc/avr/4.3.3/avr5\libgcc.a(_pack_sf.o)
                0x00000ae2                __pack_f
 .text          0x00000c8c       0xf0 c:/winavr-20100110/bin/../lib/gcc/avr/4.3.3/avr5\libgcc.a(_unpack_sf.o)
                0x00000c8c                __unpack_f
 .text          0x00000d7c       0xb2 c:/winavr-20100110/bin/../lib/gcc/avr/4.3.3/avr5\libgcc.a(_fpcmp_parts_sf.o)
                0x00000d7c                __fpcmp_parts_f
 .text          0x00000e2e        0x0 c:/winavr-20100110/bin/../lib/gcc/avr/4.3.3/avr5\libgcc.a(_clz.o)
 .text          0x00000e2e        0x0 c:/winavr-20100110/bin/../lib/gcc/avr/4.3.3/../../../../avr/lib/avr5\libc.a(ceil.o)
 .text          0x00000e2e        0x0 c:/winavr-20100110/bin/../lib/gcc/avr/4.3.3/../../../../avr/lib/avr5\libc.a(fp_mintl.o)
 .text          0x00000e2e        0x0 c:/winavr-20100110/bin/../lib/gcc/avr/4.3.3/../../../../avr/lib/avr5\libc.a(fp_mpack.o)
 .text          0x00000e2e        0x0 c:/winavr-20100110/bin/../lib/gcc/avr/4.3.3/../../../../avr/lib/avr5\libc.a(fp_trunc.o)
 .text          0x00000e2e        0x0 c:/winavr-20100110/bin/../lib/gcc/avr/4.3.3/../../../../avr/lib/avr5\libc.a(fp_zero.o)
 .text          0x00000e2e        0x0 c:/winavr-20100110/bin/../lib/gcc/avr/4.3.3/../../../../avr/lib/avr5\libc.a(fp_split3.o)
                0x00000e2e                . = ALIGN (0x2)
 *(.text.*)
 .text.MWDT_enEnable
                0x00000e2e       0x1e ./MCAL/MWDT/MWDT_prog.o
                0x00000e2e                MWDT_enEnable
 .text.MWDT_enDiable
                0x00000e4c       0x24 ./MCAL/MWDT/MWDT_prog.o
                0x00000e4c                MWDT_enDiable
 .text.MWDT_enSleep
                0x00000e70       0x44 ./MCAL/MWDT/MWDT_prog.o
                0x00000e70                MWDT_enSleep
 .text.MWDT_enRefresh
                0x00000eb4       0x12 ./MCAL/MWDT/MWDT_prog.o
                0x00000eb4                MWDT_enRefresh
 .text.MUSART_enInit
                0x00000ec6       0x86 ./MCAL/MUSART/MUSART_prog.o
                0x00000ec6                MUSART_enInit
 .text.MUSART_enBusySendByte
                0x00000f4c       0x5e ./MCAL/MUSART/MUSART_prog.o
                0x00000f4c                MUSART_enBusySendByte
 .text.MUSART_enBusySendString
                0x00000faa       0x68 ./MCAL/MUSART/MUSART_prog.o
                0x00000faa                MUSART_enBusySendString
 .text.MUSART_enBusyReceiveByte
                0x00001012       0x46 ./MCAL/MUSART/MUSART_prog.o
                0x00001012                MUSART_enBusyReceiveByte
 .text.MUSART_enEnableInt
                0x00001058       0x52 ./MCAL/MUSART/MUSART_prog.o
                0x00001058                MUSART_enEnableInt
 .text.MUSART_enDisableInt
                0x000010aa       0x54 ./MCAL/MUSART/MUSART_prog.o
                0x000010aa                MUSART_enDisableInt
 .text.MUSART_enIntCallBack
                0x000010fe       0x82 ./MCAL/MUSART/MUSART_prog.o
                0x000010fe                MUSART_enIntCallBack
 .text.USART_UDRE
                0x00001180       0x2e ./MCAL/MUSART/MUSART_prog.o
                0x00001180                USART_UDRE
 .text.USART_TXC
                0x000011ae       0x32 ./MCAL/MUSART/MUSART_prog.o
                0x000011ae                USART_TXC
 .text.USART_RXC
                0x000011e0       0x36 ./MCAL/MUSART/MUSART_prog.o
                0x000011e0                USART_RXC
 .text.MTWI_enInit
                0x00001216       0x42 ./MCAL/MTWI/MTWI_prog.o
                0x00001216                MTWI_enInit
 .text.MTWI_enSendStart
                0x00001258       0x22 ./MCAL/MTWI/MTWI_prog.o
                0x00001258                MTWI_enSendStart
 .text.MTWI_enSendStop
                0x0000127a       0x18 ./MCAL/MTWI/MTWI_prog.o
                0x0000127a                MTWI_enSendStop
 .text.MTWI_enSendByte
                0x00001292       0x30 ./MCAL/MTWI/MTWI_prog.o
                0x00001292                MTWI_enSendByte
 .text.MTWI_enRecByteACK
                0x000012c2       0x4e ./MCAL/MTWI/MTWI_prog.o
                0x000012c2                MTWI_enRecByteACK
 .text.MTWI_enRecByteNoACK
                0x00001310       0x4e ./MCAL/MTWI/MTWI_prog.o
                0x00001310                MTWI_enRecByteNoACK
 .text.MTWI_enReadStatus
                0x0000135e       0x3e ./MCAL/MTWI/MTWI_prog.o
                0x0000135e                MTWI_enReadStatus
 .text.MTIMER1_enInit
                0x0000139c       0x50 ./MCAL/MTIMER1/MTIMER1_prg.o
                0x0000139c                MTIMER1_enInit
 .text.MTIMER1_enStart
                0x000013ec       0x2c ./MCAL/MTIMER1/MTIMER1_prg.o
                0x000013ec                MTIMER1_enStart
 .text.MTIMER1_enStop
                0x00001418       0x1e ./MCAL/MTIMER1/MTIMER1_prg.o
                0x00001418                MTIMER1_enStop
 .text.MTIMER1_ICU_enInit
                0x00001436       0x16 ./MCAL/MTIMER1/MTIMER1_prg.o
                0x00001436                MTIMER1_ICU_enInit
 .text.MTIMER1_enEnableINT
                0x0000144c       0x60 ./MCAL/MTIMER1/MTIMER1_prg.o
                0x0000144c                MTIMER1_enEnableINT
 .text.MTIMER1_enDisableINT
                0x000014ac       0x60 ./MCAL/MTIMER1/MTIMER1_prg.o
                0x000014ac                MTIMER1_enDisableINT
 .text.MTIMER1_enSetCallBack
                0x0000150c       0x4c ./MCAL/MTIMER1/MTIMER1_prg.o
                0x0000150c                MTIMER1_enSetCallBack
 .text.MTIMER1_ICU_enRead
                0x00001558       0x40 ./MCAL/MTIMER1/MTIMER1_prg.o
                0x00001558                MTIMER1_ICU_enRead
 .text.MTIMER1_ICU_enSetTrigger
                0x00001598       0x62 ./MCAL/MTIMER1/MTIMER1_prg.o
                0x00001598                MTIMER1_ICU_enSetTrigger
 .text.__vector_9
                0x000015fa       0x66 ./MCAL/MTIMER1/MTIMER1_prg.o
                0x000015fa                __vector_9
 .text.__vector_6
                0x00001660       0x66 ./MCAL/MTIMER1/MTIMER1_prg.o
                0x00001660                __vector_6
 .text.MTIMER0_enInit
                0x000016c6       0x48 ./MCAL/MTIMER0/MTIMER0_prog.o
                0x000016c6                MTIMER0_enInit
 .text.MTIMER0_enStart
                0x0000170e       0x2c ./MCAL/MTIMER0/MTIMER0_prog.o
                0x0000170e                MTIMER0_enStart
 .text.MTIMER0_enStop
                0x0000173a       0x1e ./MCAL/MTIMER0/MTIMER0_prog.o
                0x0000173a                MTIMER0_enStop
 .text.MTIMER0_enSetCallBack
                0x00001758       0x76 ./MCAL/MTIMER0/MTIMER0_prog.o
                0x00001758                MTIMER0_enSetCallBack
 .text.MTIMER0_enSetTime
                0x000017ce       0xf0 ./MCAL/MTIMER0/MTIMER0_prog.o
                0x000017ce                MTIMER0_enSetTime
 .text.MTIMER0_enEnableInt
                0x000018be       0x62 ./MCAL/MTIMER0/MTIMER0_prog.o
                0x000018be                MTIMER0_enEnableInt
 .text.MTIMER0_enDisableInt
                0x00001920       0x62 ./MCAL/MTIMER0/MTIMER0_prog.o
                0x00001920                MTIMER0_enDisableInt
 .text.MTIMER0_enSetCompareValue
                0x00001982       0x16 ./MCAL/MTIMER0/MTIMER0_prog.o
                0x00001982                MTIMER0_enSetCompareValue
 .text.MTIMER0_enSetFastPWM
                0x00001998       0x7c ./MCAL/MTIMER0/MTIMER0_prog.o
                0x00001998                MTIMER0_enSetFastPWM
 .text.__vector_11
                0x00001a14       0xd2 ./MCAL/MTIMER0/MTIMER0_prog.o
                0x00001a14                __vector_11
 .text.__vector_10
                0x00001ae6       0xc6 ./MCAL/MTIMER0/MTIMER0_prog.o
                0x00001ae6                __vector_10
 .text.MGIE_enEnable
                0x00001bac       0x1e ./MCAL/MGIE/MGIE_prog.o
                0x00001bac                MGIE_enEnable
 .text.MGIE_enDisable
                0x00001bca       0x1e ./MCAL/MGIE/MGIE_prog.o
                0x00001bca                MGIE_enDisable
 .text.MEXTI_enEnable
                0x00001be8       0xfc ./MCAL/MEXTI/MEXTI_prog.o
                0x00001be8                MEXTI_enEnable
 .text.MEXTI_enDisable
                0x00001ce4       0x54 ./MCAL/MEXTI/MEXTI_prog.o
                0x00001ce4                MEXTI_enDisable
 .text.MEXTI_enSetCalBack
                0x00001d38       0x90 ./MCAL/MEXTI/MEXTI_prog.o
                0x00001d38                MEXTI_enSetCalBack
 .text.__vector_1
                0x00001dc8       0x66 ./MCAL/MEXTI/MEXTI_prog.o
                0x00001dc8                __vector_1
 .text.__vector_2
                0x00001e2e       0x66 ./MCAL/MEXTI/MEXTI_prog.o
                0x00001e2e                __vector_2
 .text.__vector_3
                0x00001e94       0x66 ./MCAL/MEXTI/MEXTI_prog.o
                0x00001e94                __vector_3
 .text.MDIO_enSetPinDirection
                0x00001efa      0x234 ./MCAL/MDIO/MDIO_prog.o
                0x00001efa                MDIO_enSetPinDirection
 .text.MDIO_enSetPinValue
                0x0000212e      0x230 ./MCAL/MDIO/MDIO_prog.o
                0x0000212e                MDIO_enSetPinValue
 .text.MDIO_enSetPortDirection
                0x0000235e       0x92 ./MCAL/MDIO/MDIO_prog.o
                0x0000235e                MDIO_enSetPortDirection
 .text.MDIO_enSetPortValue
                0x000023f0       0x92 ./MCAL/MDIO/MDIO_prog.o
                0x000023f0                MDIO_enSetPortValue
 .text.MDIO_enTogglePin
                0x00002482      0x124 ./MCAL/MDIO/MDIO_prog.o
                0x00002482                MDIO_enTogglePin
 .text.MDIO_enGetPinValue
                0x000025a6      0x140 ./MCAL/MDIO/MDIO_prog.o
                0x000025a6                MDIO_enGetPinValue
 .text.MDIO_enGetPortValue
                0x000026e6       0xb6 ./MCAL/MDIO/MDIO_prog.o
                0x000026e6                MDIO_enGetPortValue
 .text.MADC_enInit
                0x0000279c       0x64 ./MCAL/MADC/MADC_prog.o
                0x0000279c                MADC_enInit
 .text.MADC_enReadChannel
                0x00002800       0x80 ./MCAL/MADC/MADC_prog.o
                0x00002800                MADC_enReadChannel
 .text.HULTRASONIC_enInit
                0x00002880       0x38 ./HAL/HULTRA/HULTRA_prog.o
                0x00002880                HULTRASONIC_enInit
 .text.HULTRASONIC_enRead
                0x000028b8      0x2d8 ./HAL/HULTRA/HULTRA_prog.o
                0x000028b8                HULTRASONIC_enRead
 .text.ICU_HW   0x00002b90       0x50 ./HAL/HULTRA/HULTRA_prog.o
                0x00002b90                ICU_HW
 .text.OVF_HW   0x00002be0       0x18 ./HAL/HULTRA/HULTRA_prog.o
                0x00002be0                OVF_HW
 .text.HSSD_enInit
                0x00002bf8       0x68 ./HAL/HSSD/HSSD_prog.o
                0x00002bf8                HSSD_enInit
 .text.HSSD_enDisplayIntegerNumber
                0x00002c60      0x83c ./HAL/HSSD/HSSD_prog.o
                0x00002c60                HSSD_enDisplayIntegerNumber
 .text.HPB_enInit
                0x0000349c       0x52 ./HAL/HPB/HPB_prog.o
                0x0000349c                HPB_enInit
 .text.HPB_enRead
                0x000034ee      0x182 ./HAL/HPB/HPB_prog.o
                0x000034ee                HPB_enRead
 .text.HDCMOTOR_enInit
                0x00003670       0x30 ./HAL/HMOTOR/HMOTOR_prog.o
                0x00003670                HDCMOTOR_enInit
 .text.HDCMOTOR_enSetON
                0x000036a0       0x78 ./HAL/HMOTOR/HMOTOR_prog.o
                0x000036a0                HDCMOTOR_enSetON
 .text.HDCMOTOR_enSetOFF
                0x00003718       0x20 ./HAL/HMOTOR/HMOTOR_prog.o
                0x00003718                HDCMOTOR_enSetOFF
 .text.HLM35_enInit
                0x00003738       0x20 ./HAL/HLM35/HLM35_prog.o
                0x00003738                HLM35_enInit
 .text.HLM35_enTempRead
                0x00003758       0x90 ./HAL/HLM35/HLM35_prog.o
                0x00003758                HLM35_enTempRead
 .text.HLED_enInit
                0x000037e8       0x34 ./HAL/HLED/HLED_prog.o
                0x000037e8                HLED_enInit
 .text.HLED_enSetON
                0x0000381c       0x34 ./HAL/HLED/HLED_prog.o
                0x0000381c                HLED_enSetON
 .text.HLED_enSetOFF
                0x00003850       0x34 ./HAL/HLED/HLED_prog.o
                0x00003850                HLED_enSetOFF
 .text.HLED_enToggle
                0x00003884       0x32 ./HAL/HLED/HLED_prog.o
                0x00003884                HLED_enToggle
 .text.HKEYPAD_enInit
                0x000038b6       0x98 ./HAL/HKEYPAD/HKEYPAD_prog.o
                0x000038b6                HKEYPAD_enInit
 .text.HKEYPAD_enGetPressedKey
                0x0000394e      0x268 ./HAL/HKEYPAD/HKEYPAD_prog.o
                0x0000394e                HKEYPAD_enGetPressedKey
 .text.HEEPROM_enInit
                0x00003bb6       0x14 ./HAL/HEEPROM/HEEPROM_prog.o
                0x00003bb6                HEEPROM_enInit
 .text.HEEPROM_enWriteByte
                0x00003bca       0xac ./HAL/HEEPROM/HEEPROM_prog.o
                0x00003bca                HEEPROM_enWriteByte
 .text.HEEPROM_enReadByte
                0x00003c76       0xe8 ./HAL/HEEPROM/HEEPROM_prog.o
                0x00003c76                HEEPROM_enReadByte
 .text.HBUZZ_enInit
                0x00003d5e       0x34 ./HAL/HBUZZ/HBUZZ_prog.o
                0x00003d5e                HBUZZ_enInit
 .text.HBUZZ_enSetON
                0x00003d92       0x34 ./HAL/HBUZZ/HBUZZ_prog.o
                0x00003d92                HBUZZ_enSetON
 .text.HBUZZ_enSetOFF
                0x00003dc6       0x34 ./HAL/HBUZZ/HBUZZ_prog.o
                0x00003dc6                HBUZZ_enSetOFF
 .text.HBUZZ_enSetONCE
                0x00003dfa      0x136 ./HAL/HBUZZ/HBUZZ_prog.o
                0x00003dfa                HBUZZ_enSetONCE
 .text.HBUZZ_enSetNum
                0x00003f30      0x230 ./HAL/HBUZZ/HBUZZ_prog.o
                0x00003f30                HBUZZ_enSetNum
 .text.H4SSD_enInit
                0x00004160       0x58 ./HAL/H4SSD/H4SSD_prog.o
                0x00004160                H4SSD_enInit
 .text.H4SSD_enDisplayIntegerNumber
                0x000041b8      0xd78 ./HAL/H4SSD/H4SSD_prog.o
                0x000041b8                H4SSD_enDisplayIntegerNumber
 .text.H20X4LCD_enInit
                0x00004f30      0x656 ./HAL/H20x4LCD/H20x4LCD_prog.o
                0x00004f30                H20X4LCD_enInit
 .text.H20X4LCD_enSendData
                0x00005586       0x24 ./HAL/H20x4LCD/H20x4LCD_prog.o
                0x00005586                H20X4LCD_enSendData
 .text.H20X4LCD_enSendCommand
                0x000055aa       0x24 ./HAL/H20x4LCD/H20x4LCD_prog.o
                0x000055aa                H20X4LCD_enSendCommand
 .text.H20X4LCD_enSendString
                0x000055ce       0x3a ./HAL/H20x4LCD/H20x4LCD_prog.o
                0x000055ce                H20X4LCD_enSendString
 .text.H20X4LCD_enCLearDisplay
                0x00005608       0x16 ./HAL/H20x4LCD/H20x4LCD_prog.o
                0x00005608                H20X4LCD_enCLearDisplay
 .text.H20X4LCD_enSendIntNum
                0x0000561e      0x12e ./HAL/H20x4LCD/H20x4LCD_prog.o
                0x0000561e                H20X4LCD_enSendIntNum
 .text.H20X4LCD_enGoToXY
                0x0000574c       0x9a ./HAL/H20x4LCD/H20x4LCD_prog.o
                0x0000574c                H20X4LCD_enGoToXY
 .text.H20X4LCD_CustomChar
                0x000057e6       0x60 ./HAL/H20x4LCD/H20x4LCD_prog.o
                0x000057e6                H20X4LCD_CustomChar
 .text.H20X4LCD_voidNLatch
                0x00005846      0x482 ./HAL/H20x4LCD/H20x4LCD_prog.o
 .text.H16X2LCD_enInit
                0x00005cc8      0x8b2 ./HAL/H16x2LCD/H16x2LCD_prog.o
                0x00005cc8                H16X2LCD_enInit
 .text.H16X2LCD_enSendData
                0x0000657a       0x24 ./HAL/H16x2LCD/H16x2LCD_prog.o
                0x0000657a                H16X2LCD_enSendData
 .text.H16X2LCD_enSendCommand
                0x0000659e       0x24 ./HAL/H16x2LCD/H16x2LCD_prog.o
                0x0000659e                H16X2LCD_enSendCommand
 .text.H16X2LCD_enSendString
                0x000065c2       0x3a ./HAL/H16x2LCD/H16x2LCD_prog.o
                0x000065c2                H16X2LCD_enSendString
 .text.H16X2LCD_enCLearDisplay
                0x000065fc       0x16 ./HAL/H16x2LCD/H16x2LCD_prog.o
                0x000065fc                H16X2LCD_enCLearDisplay
 .text.H16X2LCD_enSendIntNum
                0x00006612      0x12e ./HAL/H16x2LCD/H16x2LCD_prog.o
                0x00006612                H16X2LCD_enSendIntNum
 .text.H16X2LCD_enGoToXY
                0x00006740       0x44 ./HAL/H16x2LCD/H16x2LCD_prog.o
                0x00006740                H16X2LCD_enGoToXY
 .text.H16X2LCD_CustomChar
                0x00006784       0x60 ./HAL/H16x2LCD/H16x2LCD_prog.o
                0x00006784                H16X2LCD_CustomChar
 .text.H16X2LCD_voidNLatch
                0x000067e4      0x482 ./HAL/H16x2LCD/H16x2LCD_prog.o
 .text.APP_voidStartApp
                0x00006c66       0x16 ./APP/APP_prog.o
                0x00006c66                APP_voidStartApp
 .text.main     0x00006c7c       0x16 ./main.o
                0x00006c7c                main
 .text.libgcc   0x00006c92       0x3e c:/winavr-20100110/bin/../lib/gcc/avr/4.3.3/avr5\libgcc.a(_mulsi3.o)
                0x00006c92                __mulsi3
 .text.libgcc   0x00006cd0       0x18 c:/winavr-20100110/bin/../lib/gcc/avr/4.3.3/avr5\libgcc.a(_udivmodqi4.o)
                0x00006cd0                __udivmodqi4
 .text.libgcc   0x00006ce8       0x28 c:/winavr-20100110/bin/../lib/gcc/avr/4.3.3/avr5\libgcc.a(_udivmodhi4.o)
                0x00006ce8                __udivmodhi4
 .text.libgcc   0x00006d10       0x26 c:/winavr-20100110/bin/../lib/gcc/avr/4.3.3/avr5\libgcc.a(_divmodhi4.o)
                0x00006d10                __divmodhi4
                0x00006d10                _div
 .text.libgcc   0x00006d36       0x44 c:/winavr-20100110/bin/../lib/gcc/avr/4.3.3/avr5\libgcc.a(_udivmodsi4.o)
                0x00006d36                __udivmodsi4
 .text.libgcc   0x00006d7a       0x36 c:/winavr-20100110/bin/../lib/gcc/avr/4.3.3/avr5\libgcc.a(_divmodsi4.o)
                0x00006d7a                __divmodsi4
 .text.libgcc   0x00006db0        0x0 c:/winavr-20100110/bin/../lib/gcc/avr/4.3.3/avr5\libgcc.a(_exit.o)
 .text.libgcc   0x00006db0        0x0 c:/winavr-20100110/bin/../lib/gcc/avr/4.3.3/avr5\libgcc.a(_copy_data.o)
 .text.libgcc   0x00006db0        0x0 c:/winavr-20100110/bin/../lib/gcc/avr/4.3.3/avr5\libgcc.a(_clear_bss.o)
 .text.libgcc   0x00006db0       0x38 c:/winavr-20100110/bin/../lib/gcc/avr/4.3.3/avr5\libgcc.a(_prologue.o)
                0x00006db0                __prologue_saves__
 .text.libgcc   0x00006de8       0x36 c:/winavr-20100110/bin/../lib/gcc/avr/4.3.3/avr5\libgcc.a(_epilogue.o)
                0x00006de8                __epilogue_restores__
 .text.avr-libc.fplib
                0x00006e1e       0x26 c:/winavr-20100110/bin/../lib/gcc/avr/4.3.3/../../../../avr/lib/avr5\libc.a(ceil.o)
                0x00006e1e                ceil
 .text.avr-libc.fplib
                0x00006e44       0x36 c:/winavr-20100110/bin/../lib/gcc/avr/4.3.3/../../../../avr/lib/avr5\libc.a(fp_mintl.o)
                0x00006e44                __fp_mintl
 .text.avr-libc.fplib
                0x00006e7a       0x1c c:/winavr-20100110/bin/../lib/gcc/avr/4.3.3/../../../../avr/lib/avr5\libc.a(fp_mpack.o)
                0x00006e7e                __fp_mpack_finite
                0x00006e7a                __fp_mpack
 .text.avr-libc.fplib
                0x00006e96       0x2e c:/winavr-20100110/bin/../lib/gcc/avr/4.3.3/../../../../avr/lib/avr5\libc.a(fp_trunc.o)
                0x00006e96                __fp_trunc
 .text.avr-libc.fplib
                0x00006ec4        0xe c:/winavr-20100110/bin/../lib/gcc/avr/4.3.3/../../../../avr/lib/avr5\libc.a(fp_zero.o)
                0x00006ec4                __fp_zero
                0x00006ec6                __fp_szero
 .text.avr-libc.fplib
                0x00006ed2       0x44 c:/winavr-20100110/bin/../lib/gcc/avr/4.3.3/../../../../avr/lib/avr5\libc.a(fp_split3.o)
                0x00006ed2                __fp_split3
                0x00006ee2                __fp_splitA
                0x00006f16                . = ALIGN (0x2)
 *(.fini9)
 .fini9         0x00006f16        0x0 c:/winavr-20100110/bin/../lib/gcc/avr/4.3.3/avr5\libgcc.a(_exit.o)
                0x00006f16                exit
                0x00006f16                _exit
 *(.fini9)
 *(.fini8)
 *(.fini8)
 *(.fini7)
 *(.fini7)
 *(.fini6)
 *(.fini6)
 *(.fini5)
 *(.fini5)
 *(.fini4)
 *(.fini4)
 *(.fini3)
 *(.fini3)
 *(.fini2)
 *(.fini2)
 *(.fini1)
 *(.fini1)
 *(.fini0)
 .fini0         0x00006f16        0x4 c:/winavr-20100110/bin/../lib/gcc/avr/4.3.3/avr5\libgcc.a(_exit.o)
 *(.fini0)
                0x00006f1a                _etext = .

.data           0x00800060      0x134 load address 0x00006f1a
                0x00800060                PROVIDE (__data_start, .)
 *(.data)
 .data          0x00800060        0x0 c:/winavr-20100110/bin/../lib/gcc/avr/4.3.3/../../../../avr/lib/avr5/crtm32.o
 .data          0x00800060        0x0 ./MCAL/MWDT/MWDT_prog.o
 .data          0x00800060        0x0 ./MCAL/MUSART/MUSART_prog.o
 .data          0x00800060        0x0 ./MCAL/MTWI/MTWI_prog.o
 .data          0x00800060        0x0 ./MCAL/MTIMER1/MTIMER1_prg.o
 .data          0x00800060        0x0 ./MCAL/MTIMER0/MTIMER0_prog.o
 .data          0x00800060        0x0 ./MCAL/MSPI/MSPI_prog.o
 .data          0x00800060        0x0 ./MCAL/MGIE/MGIE_prog.o
 .data          0x00800060        0x0 ./MCAL/MEXTI/MEXTI_prog.o
 .data          0x00800060        0x0 ./MCAL/MDIO/MDIO_prog.o
 .data          0x00800060        0x0 ./MCAL/MADC/MADC_prog.o
 .data          0x00800060        0x0 ./HAL/HULTRA/HULTRA_prog.o
 .data          0x00800060        0x0 ./HAL/HSSD/HSSD_prog.o
 .data          0x00800060        0x0 ./HAL/HPB/HPB_prog.o
 .data          0x00800060        0x0 ./HAL/HMOTOR/HMOTOR_prog.o
 .data          0x00800060        0x0 ./HAL/HLM35/HLM35_prog.o
 .data          0x00800060        0x0 ./HAL/HLED/HLED_prog.o
 .data          0x00800060        0x0 ./HAL/HKEYPAD/HKEYPAD_prog.o
 .data          0x00800060        0x0 ./HAL/HEEPROM/HEEPROM_prog.o
 .data          0x00800060        0x0 ./HAL/HBUZZ/HBUZZ_prog.o
 .data          0x00800060        0x0 ./HAL/H4SSD/H4SSD_prog.o
 .data          0x00800060        0x0 ./HAL/H20x4LCD/H20x4LCD_prog.o
 .data          0x00800060        0x0 ./HAL/H16x2LCD/H16x2LCD_prog.o
 .data          0x00800060        0x7 ./APP/APP_prog.o
 .data          0x00800067        0x0 ./main.o
 .data          0x00800067        0x0 c:/winavr-20100110/bin/../lib/gcc/avr/4.3.3/avr5\libgcc.a(_mulsi3.o)
 .data          0x00800067        0x0 c:/winavr-20100110/bin/../lib/gcc/avr/4.3.3/avr5\libgcc.a(_udivmodqi4.o)
 .data          0x00800067        0x0 c:/winavr-20100110/bin/../lib/gcc/avr/4.3.3/avr5\libgcc.a(_udivmodhi4.o)
 .data          0x00800067        0x0 c:/winavr-20100110/bin/../lib/gcc/avr/4.3.3/avr5\libgcc.a(_divmodhi4.o)
 .data          0x00800067        0x0 c:/winavr-20100110/bin/../lib/gcc/avr/4.3.3/avr5\libgcc.a(_udivmodsi4.o)
 .data          0x00800067        0x0 c:/winavr-20100110/bin/../lib/gcc/avr/4.3.3/avr5\libgcc.a(_divmodsi4.o)
 .data          0x00800067        0x0 c:/winavr-20100110/bin/../lib/gcc/avr/4.3.3/avr5\libgcc.a(_exit.o)
 .data          0x00800067        0x0 c:/winavr-20100110/bin/../lib/gcc/avr/4.3.3/avr5\libgcc.a(_copy_data.o)
 .data          0x00800067        0x0 c:/winavr-20100110/bin/../lib/gcc/avr/4.3.3/avr5\libgcc.a(_clear_bss.o)
 .data          0x00800067        0x0 c:/winavr-20100110/bin/../lib/gcc/avr/4.3.3/avr5\libgcc.a(_fixunssfsi.o)
 .data          0x00800067        0x0 c:/winavr-20100110/bin/../lib/gcc/avr/4.3.3/avr5\libgcc.a(_addsub_sf.o)
 .data          0x00800067        0x0 c:/winavr-20100110/bin/../lib/gcc/avr/4.3.3/avr5\libgcc.a(_mul_sf.o)
 .data          0x00800067        0x0 c:/winavr-20100110/bin/../lib/gcc/avr/4.3.3/avr5\libgcc.a(_div_sf.o)
 .data          0x00800067        0x0 c:/winavr-20100110/bin/../lib/gcc/avr/4.3.3/avr5\libgcc.a(_gt_sf.o)
 .data          0x00800067        0x0 c:/winavr-20100110/bin/../lib/gcc/avr/4.3.3/avr5\libgcc.a(_ge_sf.o)
 .data          0x00800067        0x0 c:/winavr-20100110/bin/../lib/gcc/avr/4.3.3/avr5\libgcc.a(_lt_sf.o)
 .data          0x00800067        0x0 c:/winavr-20100110/bin/../lib/gcc/avr/4.3.3/avr5\libgcc.a(_sf_to_si.o)
 .data          0x00800067        0x8 c:/winavr-20100110/bin/../lib/gcc/avr/4.3.3/avr5\libgcc.a(_thenan_sf.o)
                0x00800067                __thenan_sf
 .data          0x0080006f        0x0 c:/winavr-20100110/bin/../lib/gcc/avr/4.3.3/avr5\libgcc.a(_usi_to_sf.o)
 .data          0x0080006f        0x0 c:/winavr-20100110/bin/../lib/gcc/avr/4.3.3/avr5\libgcc.a(_prologue.o)
 .data          0x0080006f        0x0 c:/winavr-20100110/bin/../lib/gcc/avr/4.3.3/avr5\libgcc.a(_epilogue.o)
 .data          0x0080006f        0x0 c:/winavr-20100110/bin/../lib/gcc/avr/4.3.3/avr5\libgcc.a(_clzsi2.o)
 .data          0x0080006f        0x0 c:/winavr-20100110/bin/../lib/gcc/avr/4.3.3/avr5\libgcc.a(_pack_sf.o)
 .data          0x0080006f        0x0 c:/winavr-20100110/bin/../lib/gcc/avr/4.3.3/avr5\libgcc.a(_unpack_sf.o)
 .data          0x0080006f        0x0 c:/winavr-20100110/bin/../lib/gcc/avr/4.3.3/avr5\libgcc.a(_fpcmp_parts_sf.o)
 .data          0x0080006f      0x100 c:/winavr-20100110/bin/../lib/gcc/avr/4.3.3/avr5\libgcc.a(_clz.o)
                0x0080006f                __clz_tab
 .data          0x0080016f        0x0 c:/winavr-20100110/bin/../lib/gcc/avr/4.3.3/../../../../avr/lib/avr5\libc.a(ceil.o)
 .data          0x0080016f        0x0 c:/winavr-20100110/bin/../lib/gcc/avr/4.3.3/../../../../avr/lib/avr5\libc.a(fp_mintl.o)
 .data          0x0080016f        0x0 c:/winavr-20100110/bin/../lib/gcc/avr/4.3.3/../../../../avr/lib/avr5\libc.a(fp_mpack.o)
 .data          0x0080016f        0x0 c:/winavr-20100110/bin/../lib/gcc/avr/4.3.3/../../../../avr/lib/avr5\libc.a(fp_trunc.o)
 .data          0x0080016f        0x0 c:/winavr-20100110/bin/../lib/gcc/avr/4.3.3/../../../../avr/lib/avr5\libc.a(fp_zero.o)
 .data          0x0080016f        0x0 c:/winavr-20100110/bin/../lib/gcc/avr/4.3.3/../../../../avr/lib/avr5\libc.a(fp_split3.o)
 *(.data*)
 .data.state    0x0080016f        0x1 ./HAL/HULTRA/HULTRA_prog.o
 *(.rodata)
 *(.rodata*)
 .rodata.C.0.1418
                0x00800170       0x14 ./MCAL/MTIMER0/MTIMER0_prog.o
 .rodata.C.0.1363
                0x00800184       0x10 ./HAL/HKEYPAD/HKEYPAD_prog.o
 *(.gnu.linkonce.d*)
                0x00800194                . = ALIGN (0x2)
                0x00800194                _edata = .
                0x00800194                PROVIDE (__data_end, .)

.bss            0x00800194       0x33
                0x00800194                PROVIDE (__bss_start, .)
 *(.bss)
 .bss           0x00800194        0x0 c:/winavr-20100110/bin/../lib/gcc/avr/4.3.3/../../../../avr/lib/avr5/crtm32.o
 .bss           0x00800194        0x0 ./MCAL/MWDT/MWDT_prog.o
 .bss           0x00800194        0x0 ./MCAL/MUSART/MUSART_prog.o
 .bss           0x00800194        0x0 ./MCAL/MTWI/MTWI_prog.o
 .bss           0x00800194        0x0 ./MCAL/MTIMER1/MTIMER1_prg.o
 .bss           0x00800194        0x0 ./MCAL/MTIMER0/MTIMER0_prog.o
 .bss           0x00800194        0x0 ./MCAL/MSPI/MSPI_prog.o
 .bss           0x00800194        0x0 ./MCAL/MGIE/MGIE_prog.o
 .bss           0x00800194        0x0 ./MCAL/MEXTI/MEXTI_prog.o
 .bss           0x00800194        0x0 ./MCAL/MDIO/MDIO_prog.o
 .bss           0x00800194        0x0 ./MCAL/MADC/MADC_prog.o
 .bss           0x00800194        0x0 ./HAL/HULTRA/HULTRA_prog.o
 .bss           0x00800194        0x0 ./HAL/HSSD/HSSD_prog.o
 .bss           0x00800194        0x0 ./HAL/HPB/HPB_prog.o
 .bss           0x00800194        0x0 ./HAL/HMOTOR/HMOTOR_prog.o
 .bss           0x00800194        0x0 ./HAL/HLM35/HLM35_prog.o
 .bss           0x00800194        0x0 ./HAL/HLED/HLED_prog.o
 .bss           0x00800194        0x0 ./HAL/HKEYPAD/HKEYPAD_prog.o
 .bss           0x00800194        0x0 ./HAL/HEEPROM/HEEPROM_prog.o
 .bss           0x00800194        0x0 ./HAL/HBUZZ/HBUZZ_prog.o
 .bss           0x00800194        0x0 ./HAL/H4SSD/H4SSD_prog.o
 .bss           0x00800194        0x0 ./HAL/H20x4LCD/H20x4LCD_prog.o
 .bss           0x00800194        0x0 ./HAL/H16x2LCD/H16x2LCD_prog.o
 .bss           0x00800194        0x0 ./APP/APP_prog.o
 .bss           0x00800194        0x0 ./main.o
 .bss           0x00800194        0x0 c:/winavr-20100110/bin/../lib/gcc/avr/4.3.3/avr5\libgcc.a(_mulsi3.o)
 .bss           0x00800194        0x0 c:/winavr-20100110/bin/../lib/gcc/avr/4.3.3/avr5\libgcc.a(_udivmodqi4.o)
 .bss           0x00800194        0x0 c:/winavr-20100110/bin/../lib/gcc/avr/4.3.3/avr5\libgcc.a(_udivmodhi4.o)
 .bss           0x00800194        0x0 c:/winavr-20100110/bin/../lib/gcc/avr/4.3.3/avr5\libgcc.a(_divmodhi4.o)
 .bss           0x00800194        0x0 c:/winavr-20100110/bin/../lib/gcc/avr/4.3.3/avr5\libgcc.a(_udivmodsi4.o)
 .bss           0x00800194        0x0 c:/winavr-20100110/bin/../lib/gcc/avr/4.3.3/avr5\libgcc.a(_divmodsi4.o)
 .bss           0x00800194        0x0 c:/winavr-20100110/bin/../lib/gcc/avr/4.3.3/avr5\libgcc.a(_exit.o)
 .bss           0x00800194        0x0 c:/winavr-20100110/bin/../lib/gcc/avr/4.3.3/avr5\libgcc.a(_copy_data.o)
 .bss           0x00800194        0x0 c:/winavr-20100110/bin/../lib/gcc/avr/4.3.3/avr5\libgcc.a(_clear_bss.o)
 .bss           0x00800194        0x0 c:/winavr-20100110/bin/../lib/gcc/avr/4.3.3/avr5\libgcc.a(_fixunssfsi.o)
 .bss           0x00800194        0x0 c:/winavr-20100110/bin/../lib/gcc/avr/4.3.3/avr5\libgcc.a(_addsub_sf.o)
 .bss           0x00800194        0x0 c:/winavr-20100110/bin/../lib/gcc/avr/4.3.3/avr5\libgcc.a(_mul_sf.o)
 .bss           0x00800194        0x0 c:/winavr-20100110/bin/../lib/gcc/avr/4.3.3/avr5\libgcc.a(_div_sf.o)
 .bss           0x00800194        0x0 c:/winavr-20100110/bin/../lib/gcc/avr/4.3.3/avr5\libgcc.a(_gt_sf.o)
 .bss           0x00800194        0x0 c:/winavr-20100110/bin/../lib/gcc/avr/4.3.3/avr5\libgcc.a(_ge_sf.o)
 .bss           0x00800194        0x0 c:/winavr-20100110/bin/../lib/gcc/avr/4.3.3/avr5\libgcc.a(_lt_sf.o)
 .bss           0x00800194        0x0 c:/winavr-20100110/bin/../lib/gcc/avr/4.3.3/avr5\libgcc.a(_sf_to_si.o)
 .bss           0x00800194        0x0 c:/winavr-20100110/bin/../lib/gcc/avr/4.3.3/avr5\libgcc.a(_thenan_sf.o)
 .bss           0x00800194        0x0 c:/winavr-20100110/bin/../lib/gcc/avr/4.3.3/avr5\libgcc.a(_usi_to_sf.o)
 .bss           0x00800194        0x0 c:/winavr-20100110/bin/../lib/gcc/avr/4.3.3/avr5\libgcc.a(_prologue.o)
 .bss           0x00800194        0x0 c:/winavr-20100110/bin/../lib/gcc/avr/4.3.3/avr5\libgcc.a(_epilogue.o)
 .bss           0x00800194        0x0 c:/winavr-20100110/bin/../lib/gcc/avr/4.3.3/avr5\libgcc.a(_clzsi2.o)
 .bss           0x00800194        0x0 c:/winavr-20100110/bin/../lib/gcc/avr/4.3.3/avr5\libgcc.a(_pack_sf.o)
 .bss           0x00800194        0x0 c:/winavr-20100110/bin/../lib/gcc/avr/4.3.3/avr5\libgcc.a(_unpack_sf.o)
 .bss           0x00800194        0x0 c:/winavr-20100110/bin/../lib/gcc/avr/4.3.3/avr5\libgcc.a(_fpcmp_parts_sf.o)
 .bss           0x00800194        0x0 c:/winavr-20100110/bin/../lib/gcc/avr/4.3.3/avr5\libgcc.a(_clz.o)
 .bss           0x00800194        0x0 c:/winavr-20100110/bin/../lib/gcc/avr/4.3.3/../../../../avr/lib/avr5\libc.a(ceil.o)
 .bss           0x00800194        0x0 c:/winavr-20100110/bin/../lib/gcc/avr/4.3.3/../../../../avr/lib/avr5\libc.a(fp_mintl.o)
 .bss           0x00800194        0x0 c:/winavr-20100110/bin/../lib/gcc/avr/4.3.3/../../../../avr/lib/avr5\libc.a(fp_mpack.o)
 .bss           0x00800194        0x0 c:/winavr-20100110/bin/../lib/gcc/avr/4.3.3/../../../../avr/lib/avr5\libc.a(fp_trunc.o)
 .bss           0x00800194        0x0 c:/winavr-20100110/bin/../lib/gcc/avr/4.3.3/../../../../avr/lib/avr5\libc.a(fp_zero.o)
 .bss           0x00800194        0x0 c:/winavr-20100110/bin/../lib/gcc/avr/4.3.3/../../../../avr/lib/avr5\libc.a(fp_split3.o)
 *(.bss*)
 .bss.Callback_CH
                0x00800194        0xf ./MCAL/MUSART/MUSART_prog.o
 .bss.callbackptr
                0x008001a3        0x4 ./MCAL/MTIMER1/MTIMER1_prg.o
 .bss.callBackArr
                0x008001a7        0x4 ./MCAL/MTIMER0/MTIMER0_prog.o
 .bss.g_32NumOFOverflows
                0x008001ab        0x4 ./MCAL/MTIMER0/MTIMER0_prog.o
 .bss.g_u8NumOFRemaaingCounts
                0x008001af        0x1 ./MCAL/MTIMER0/MTIMER0_prog.o
 .bss.g_32NumOFCmpMatches
                0x008001b0        0x4 ./MCAL/MTIMER0/MTIMER0_prog.o
 .bss.Local_u32NumOFCounts.1494
                0x008001b4        0x4 ./MCAL/MTIMER0/MTIMER0_prog.o
 .bss.Local_u32NumOFCounts.1513
                0x008001b8        0x4 ./MCAL/MTIMER0/MTIMER0_prog.o
 .bss.callBackArr
                0x008001bc        0x6 ./MCAL/MEXTI/MEXTI_prog.o
                0x008001bc                callBackArr
 .bss.Reading_1
                0x008001c2        0x2 ./HAL/HULTRA/HULTRA_prog.o
 .bss.Reading_2
                0x008001c4        0x2 ./HAL/HULTRA/HULTRA_prog.o
 .bss.OVF_count
                0x008001c6        0x1 ./HAL/HULTRA/HULTRA_prog.o
 *(COMMON)
                0x008001c7                PROVIDE (__bss_end, .)
                0x00006f1a                __data_load_start = LOADADDR (.data)
                0x0000704e                __data_load_end = (__data_load_start + SIZEOF (.data))

.noinit         0x008001c7        0x0
                0x008001c7                PROVIDE (__noinit_start, .)
 *(.noinit*)
                0x008001c7                PROVIDE (__noinit_end, .)
                0x008001c7                _end = .
                0x008001c7                PROVIDE (__heap_start, .)

.eeprom         0x00810000        0x0
 *(.eeprom*)
                0x00810000                __eeprom_end = .

.fuse
 *(.fuse)
 *(.lfuse)
 *(.hfuse)
 *(.efuse)

.lock
 *(.lock*)

.signature
 *(.signature*)

.stab           0x00000000     0x8880
 *(.stab)
 .stab          0x00000000      0x30c ./MCAL/MWDT/MWDT_prog.o
 .stab          0x0000030c      0x648 ./MCAL/MUSART/MUSART_prog.o
                                0x708 (size before relaxing)
 .stab          0x00000954      0x414 ./MCAL/MTWI/MTWI_prog.o
                                0x4d4 (size before relaxing)
 .stab          0x00000d68      0x5a0 ./MCAL/MTIMER1/MTIMER1_prg.o
                                0x660 (size before relaxing)
 .stab          0x00001308      0x894 ./MCAL/MTIMER0/MTIMER0_prog.o
                                0x954 (size before relaxing)
 .stab          0x00001b9c       0xd8 ./MCAL/MSPI/MSPI_prog.o
                                 0xe4 (size before relaxing)
 .stab          0x00001c74      0x168 ./MCAL/MGIE/MGIE_prog.o
                                0x228 (size before relaxing)
 .stab          0x00001ddc      0x450 ./MCAL/MEXTI/MEXTI_prog.o
                                0x510 (size before relaxing)
 .stab          0x0000222c      0x90c ./MCAL/MDIO/MDIO_prog.o
                                0x9cc (size before relaxing)
 .stab          0x00002b38      0x264 ./MCAL/MADC/MADC_prog.o
                                0x324 (size before relaxing)
 .stab          0x00002d9c      0x5ac ./HAL/HULTRA/HULTRA_prog.o
                                0x7ec (size before relaxing)
 .stab          0x00003348      0xb64 ./HAL/HSSD/HSSD_prog.o
                                0xe1c (size before relaxing)
 .stab          0x00003eac      0x3cc ./HAL/HPB/HPB_prog.o
                                0x684 (size before relaxing)
 .stab          0x00004278      0x2dc ./HAL/HMOTOR/HMOTOR_prog.o
                                0x408 (size before relaxing)
 .stab          0x00004554      0x27c ./HAL/HLM35/HLM35_prog.o
                                0x3a8 (size before relaxing)
 .stab          0x000047d0      0x33c ./HAL/HLED/HLED_prog.o
                                0x468 (size before relaxing)
 .stab          0x00004b0c      0x4a4 ./HAL/HKEYPAD/HKEYPAD_prog.o
                                0x75c (size before relaxing)
 .stab          0x00004fb0      0x42c ./HAL/HEEPROM/HEEPROM_prog.o
                                0x4ec (size before relaxing)
 .stab          0x000053dc      0x66c ./HAL/HBUZZ/HBUZZ_prog.o
                                0x924 (size before relaxing)
 .stab          0x00005a48      0xdd4 ./HAL/H4SSD/H4SSD_prog.o
                               0x108c (size before relaxing)
 .stab          0x0000681c      0xe04 ./HAL/H20x4LCD/H20x4LCD_prog.o
                               0x10bc (size before relaxing)
 .stab          0x00007620      0xea0 ./HAL/H16x2LCD/H16x2LCD_prog.o
                               0x1158 (size before relaxing)
 .stab          0x000084c0      0x294 ./APP/APP_prog.o
                                0x5a0 (size before relaxing)
 .stab          0x00008754      0x12c ./main.o
                                0x138 (size before relaxing)

.stabstr        0x00000000     0x2d00
 *(.stabstr)
 .stabstr       0x00000000     0x2d00 ./MCAL/MWDT/MWDT_prog.o

.stab.excl
 *(.stab.excl)

.stab.exclstr
 *(.stab.exclstr)

.stab.index
 *(.stab.index)

.stab.indexstr
 *(.stab.indexstr)

.comment
 *(.comment)

.debug
 *(.debug)

.line
 *(.line)

.debug_srcinfo
 *(.debug_srcinfo)

.debug_sfnames
 *(.debug_sfnames)

.debug_aranges  0x00000000      0x1a0
 *(.debug_aranges)
 .debug_aranges
                0x00000000       0x20 c:/winavr-20100110/bin/../lib/gcc/avr/4.3.3/avr5\libgcc.a(_fixunssfsi.o)
 .debug_aranges
                0x00000020       0x20 c:/winavr-20100110/bin/../lib/gcc/avr/4.3.3/avr5\libgcc.a(_addsub_sf.o)
 .debug_aranges
                0x00000040       0x20 c:/winavr-20100110/bin/../lib/gcc/avr/4.3.3/avr5\libgcc.a(_mul_sf.o)
 .debug_aranges
                0x00000060       0x20 c:/winavr-20100110/bin/../lib/gcc/avr/4.3.3/avr5\libgcc.a(_div_sf.o)
 .debug_aranges
                0x00000080       0x20 c:/winavr-20100110/bin/../lib/gcc/avr/4.3.3/avr5\libgcc.a(_gt_sf.o)
 .debug_aranges
                0x000000a0       0x20 c:/winavr-20100110/bin/../lib/gcc/avr/4.3.3/avr5\libgcc.a(_ge_sf.o)
 .debug_aranges
                0x000000c0       0x20 c:/winavr-20100110/bin/../lib/gcc/avr/4.3.3/avr5\libgcc.a(_lt_sf.o)
 .debug_aranges
                0x000000e0       0x20 c:/winavr-20100110/bin/../lib/gcc/avr/4.3.3/avr5\libgcc.a(_sf_to_si.o)
 .debug_aranges
                0x00000100       0x20 c:/winavr-20100110/bin/../lib/gcc/avr/4.3.3/avr5\libgcc.a(_usi_to_sf.o)
 .debug_aranges
                0x00000120       0x20 c:/winavr-20100110/bin/../lib/gcc/avr/4.3.3/avr5\libgcc.a(_clzsi2.o)
 .debug_aranges
                0x00000140       0x20 c:/winavr-20100110/bin/../lib/gcc/avr/4.3.3/avr5\libgcc.a(_pack_sf.o)
 .debug_aranges
                0x00000160       0x20 c:/winavr-20100110/bin/../lib/gcc/avr/4.3.3/avr5\libgcc.a(_unpack_sf.o)
 .debug_aranges
                0x00000180       0x20 c:/winavr-20100110/bin/../lib/gcc/avr/4.3.3/avr5\libgcc.a(_fpcmp_parts_sf.o)

.debug_pubnames
                0x00000000      0x1f2
 *(.debug_pubnames)
 .debug_pubnames
                0x00000000       0x23 c:/winavr-20100110/bin/../lib/gcc/avr/4.3.3/avr5\libgcc.a(_fixunssfsi.o)
 .debug_pubnames
                0x00000023       0x2c c:/winavr-20100110/bin/../lib/gcc/avr/4.3.3/avr5\libgcc.a(_addsub_sf.o)
 .debug_pubnames
                0x0000004f       0x1f c:/winavr-20100110/bin/../lib/gcc/avr/4.3.3/avr5\libgcc.a(_mul_sf.o)
 .debug_pubnames
                0x0000006e       0x1f c:/winavr-20100110/bin/../lib/gcc/avr/4.3.3/avr5\libgcc.a(_div_sf.o)
 .debug_pubnames
                0x0000008d       0x1e c:/winavr-20100110/bin/../lib/gcc/avr/4.3.3/avr5\libgcc.a(_gt_sf.o)
 .debug_pubnames
                0x000000ab       0x1e c:/winavr-20100110/bin/../lib/gcc/avr/4.3.3/avr5\libgcc.a(_ge_sf.o)
 .debug_pubnames
                0x000000c9       0x1e c:/winavr-20100110/bin/../lib/gcc/avr/4.3.3/avr5\libgcc.a(_lt_sf.o)
 .debug_pubnames
                0x000000e7       0x20 c:/winavr-20100110/bin/../lib/gcc/avr/4.3.3/avr5\libgcc.a(_sf_to_si.o)
 .debug_pubnames
                0x00000107       0x22 c:/winavr-20100110/bin/../lib/gcc/avr/4.3.3/avr5\libgcc.a(_thenan_sf.o)
 .debug_pubnames
                0x00000129       0x24 c:/winavr-20100110/bin/../lib/gcc/avr/4.3.3/avr5\libgcc.a(_usi_to_sf.o)
 .debug_pubnames
                0x0000014d       0x1f c:/winavr-20100110/bin/../lib/gcc/avr/4.3.3/avr5\libgcc.a(_clzsi2.o)
 .debug_pubnames
                0x0000016c       0x1f c:/winavr-20100110/bin/../lib/gcc/avr/4.3.3/avr5\libgcc.a(_pack_sf.o)
 .debug_pubnames
                0x0000018b       0x21 c:/winavr-20100110/bin/../lib/gcc/avr/4.3.3/avr5\libgcc.a(_unpack_sf.o)
 .debug_pubnames
                0x000001ac       0x26 c:/winavr-20100110/bin/../lib/gcc/avr/4.3.3/avr5\libgcc.a(_fpcmp_parts_sf.o)
 .debug_pubnames
                0x000001d2       0x20 c:/winavr-20100110/bin/../lib/gcc/avr/4.3.3/avr5\libgcc.a(_clz.o)

.debug_info     0x00000000     0x240b
 *(.debug_info)
 .debug_info    0x00000000       0xb1 c:/winavr-20100110/bin/../lib/gcc/avr/4.3.3/avr5\libgcc.a(_fixunssfsi.o)
 .debug_info    0x000000b1      0x47a c:/winavr-20100110/bin/../lib/gcc/avr/4.3.3/avr5\libgcc.a(_addsub_sf.o)
 .debug_info    0x0000052b      0x485 c:/winavr-20100110/bin/../lib/gcc/avr/4.3.3/avr5\libgcc.a(_mul_sf.o)
 .debug_info    0x000009b0      0x3fc c:/winavr-20100110/bin/../lib/gcc/avr/4.3.3/avr5\libgcc.a(_div_sf.o)
 .debug_info    0x00000dac      0x27f c:/winavr-20100110/bin/../lib/gcc/avr/4.3.3/avr5\libgcc.a(_gt_sf.o)
 .debug_info    0x0000102b      0x27f c:/winavr-20100110/bin/../lib/gcc/avr/4.3.3/avr5\libgcc.a(_ge_sf.o)
 .debug_info    0x000012aa      0x27f c:/winavr-20100110/bin/../lib/gcc/avr/4.3.3/avr5\libgcc.a(_lt_sf.o)
 .debug_info    0x00001529      0x2b0 c:/winavr-20100110/bin/../lib/gcc/avr/4.3.3/avr5\libgcc.a(_sf_to_si.o)
 .debug_info    0x000017d9      0x12c c:/winavr-20100110/bin/../lib/gcc/avr/4.3.3/avr5\libgcc.a(_thenan_sf.o)
 .debug_info    0x00001905      0x206 c:/winavr-20100110/bin/../lib/gcc/avr/4.3.3/avr5\libgcc.a(_usi_to_sf.o)
 .debug_info    0x00001b0b      0x117 c:/winavr-20100110/bin/../lib/gcc/avr/4.3.3/avr5\libgcc.a(_clzsi2.o)
 .debug_info    0x00001c22      0x2df c:/winavr-20100110/bin/../lib/gcc/avr/4.3.3/avr5\libgcc.a(_pack_sf.o)
 .debug_info    0x00001f01      0x251 c:/winavr-20100110/bin/../lib/gcc/avr/4.3.3/avr5\libgcc.a(_unpack_sf.o)
 .debug_info    0x00002152      0x210 c:/winavr-20100110/bin/../lib/gcc/avr/4.3.3/avr5\libgcc.a(_fpcmp_parts_sf.o)
 .debug_info    0x00002362       0xa9 c:/winavr-20100110/bin/../lib/gcc/avr/4.3.3/avr5\libgcc.a(_clz.o)
 *(.gnu.linkonce.wi.*)

.debug_abbrev   0x00000000     0x1386
 *(.debug_abbrev)
 .debug_abbrev  0x00000000       0x5d c:/winavr-20100110/bin/../lib/gcc/avr/4.3.3/avr5\libgcc.a(_fixunssfsi.o)
 .debug_abbrev  0x0000005d      0x1ea c:/winavr-20100110/bin/../lib/gcc/avr/4.3.3/avr5\libgcc.a(_addsub_sf.o)
 .debug_abbrev  0x00000247      0x21b c:/winavr-20100110/bin/../lib/gcc/avr/4.3.3/avr5\libgcc.a(_mul_sf.o)
 .debug_abbrev  0x00000462      0x216 c:/winavr-20100110/bin/../lib/gcc/avr/4.3.3/avr5\libgcc.a(_div_sf.o)
 .debug_abbrev  0x00000678      0x15a c:/winavr-20100110/bin/../lib/gcc/avr/4.3.3/avr5\libgcc.a(_gt_sf.o)
 .debug_abbrev  0x000007d2      0x15a c:/winavr-20100110/bin/../lib/gcc/avr/4.3.3/avr5\libgcc.a(_ge_sf.o)
 .debug_abbrev  0x0000092c      0x15a c:/winavr-20100110/bin/../lib/gcc/avr/4.3.3/avr5\libgcc.a(_lt_sf.o)
 .debug_abbrev  0x00000a86      0x17f c:/winavr-20100110/bin/../lib/gcc/avr/4.3.3/avr5\libgcc.a(_sf_to_si.o)
 .debug_abbrev  0x00000c05       0xad c:/winavr-20100110/bin/../lib/gcc/avr/4.3.3/avr5\libgcc.a(_thenan_sf.o)
 .debug_abbrev  0x00000cb2      0x157 c:/winavr-20100110/bin/../lib/gcc/avr/4.3.3/avr5\libgcc.a(_usi_to_sf.o)
 .debug_abbrev  0x00000e09       0xc4 c:/winavr-20100110/bin/../lib/gcc/avr/4.3.3/avr5\libgcc.a(_clzsi2.o)
 .debug_abbrev  0x00000ecd      0x1c0 c:/winavr-20100110/bin/../lib/gcc/avr/4.3.3/avr5\libgcc.a(_pack_sf.o)
 .debug_abbrev  0x0000108d      0x154 c:/winavr-20100110/bin/../lib/gcc/avr/4.3.3/avr5\libgcc.a(_unpack_sf.o)
 .debug_abbrev  0x000011e1      0x13b c:/winavr-20100110/bin/../lib/gcc/avr/4.3.3/avr5\libgcc.a(_fpcmp_parts_sf.o)
 .debug_abbrev  0x0000131c       0x6a c:/winavr-20100110/bin/../lib/gcc/avr/4.3.3/avr5\libgcc.a(_clz.o)

.debug_line     0x00000000     0x11d6
 *(.debug_line)
 .debug_line    0x00000000       0xa7 c:/winavr-20100110/bin/../lib/gcc/avr/4.3.3/avr5\libgcc.a(_fixunssfsi.o)
 .debug_line    0x000000a7      0x2af c:/winavr-20100110/bin/../lib/gcc/avr/4.3.3/avr5\libgcc.a(_addsub_sf.o)
 .debug_line    0x00000356      0x239 c:/winavr-20100110/bin/../lib/gcc/avr/4.3.3/avr5\libgcc.a(_mul_sf.o)
 .debug_line    0x0000058f      0x1d5 c:/winavr-20100110/bin/../lib/gcc/avr/4.3.3/avr5\libgcc.a(_div_sf.o)
 .debug_line    0x00000764       0xd3 c:/winavr-20100110/bin/../lib/gcc/avr/4.3.3/avr5\libgcc.a(_gt_sf.o)
 .debug_line    0x00000837       0xd3 c:/winavr-20100110/bin/../lib/gcc/avr/4.3.3/avr5\libgcc.a(_ge_sf.o)
 .debug_line    0x0000090a       0xd3 c:/winavr-20100110/bin/../lib/gcc/avr/4.3.3/avr5\libgcc.a(_lt_sf.o)
 .debug_line    0x000009dd      0x109 c:/winavr-20100110/bin/../lib/gcc/avr/4.3.3/avr5\libgcc.a(_sf_to_si.o)
 .debug_line    0x00000ae6       0x90 c:/winavr-20100110/bin/../lib/gcc/avr/4.3.3/avr5\libgcc.a(_thenan_sf.o)
 .debug_line    0x00000b76      0x133 c:/winavr-20100110/bin/../lib/gcc/avr/4.3.3/avr5\libgcc.a(_usi_to_sf.o)
 .debug_line    0x00000ca9       0xa5 c:/winavr-20100110/bin/../lib/gcc/avr/4.3.3/avr5\libgcc.a(_clzsi2.o)
 .debug_line    0x00000d4e      0x18a c:/winavr-20100110/bin/../lib/gcc/avr/4.3.3/avr5\libgcc.a(_pack_sf.o)
 .debug_line    0x00000ed8      0x14b c:/winavr-20100110/bin/../lib/gcc/avr/4.3.3/avr5\libgcc.a(_unpack_sf.o)
 .debug_line    0x00001023      0x137 c:/winavr-20100110/bin/../lib/gcc/avr/4.3.3/avr5\libgcc.a(_fpcmp_parts_sf.o)
 .debug_line    0x0000115a       0x7c c:/winavr-20100110/bin/../lib/gcc/avr/4.3.3/avr5\libgcc.a(_clz.o)

.debug_frame    0x00000000      0x1c0
 *(.debug_frame)
 .debug_frame   0x00000000       0x20 c:/winavr-20100110/bin/../lib/gcc/avr/4.3.3/avr5\libgcc.a(_fixunssfsi.o)
 .debug_frame   0x00000020       0x40 c:/winavr-20100110/bin/../lib/gcc/avr/4.3.3/avr5\libgcc.a(_addsub_sf.o)
 .debug_frame   0x00000060       0x20 c:/winavr-20100110/bin/../lib/gcc/avr/4.3.3/avr5\libgcc.a(_mul_sf.o)
 .debug_frame   0x00000080       0x20 c:/winavr-20100110/bin/../lib/gcc/avr/4.3.3/avr5\libgcc.a(_div_sf.o)
 .debug_frame   0x000000a0       0x20 c:/winavr-20100110/bin/../lib/gcc/avr/4.3.3/avr5\libgcc.a(_gt_sf.o)
 .debug_frame   0x000000c0       0x20 c:/winavr-20100110/bin/../lib/gcc/avr/4.3.3/avr5\libgcc.a(_ge_sf.o)
 .debug_frame   0x000000e0       0x20 c:/winavr-20100110/bin/../lib/gcc/avr/4.3.3/avr5\libgcc.a(_lt_sf.o)
 .debug_frame   0x00000100       0x20 c:/winavr-20100110/bin/../lib/gcc/avr/4.3.3/avr5\libgcc.a(_sf_to_si.o)
 .debug_frame   0x00000120       0x20 c:/winavr-20100110/bin/../lib/gcc/avr/4.3.3/avr5\libgcc.a(_usi_to_sf.o)
 .debug_frame   0x00000140       0x20 c:/winavr-20100110/bin/../lib/gcc/avr/4.3.3/avr5\libgcc.a(_clzsi2.o)
 .debug_frame   0x00000160       0x20 c:/winavr-20100110/bin/../lib/gcc/avr/4.3.3/avr5\libgcc.a(_pack_sf.o)
 .debug_frame   0x00000180       0x20 c:/winavr-20100110/bin/../lib/gcc/avr/4.3.3/avr5\libgcc.a(_unpack_sf.o)
 .debug_frame   0x000001a0       0x20 c:/winavr-20100110/bin/../lib/gcc/avr/4.3.3/avr5\libgcc.a(_fpcmp_parts_sf.o)

.debug_str      0x00000000      0x2f6
 *(.debug_str)
 .debug_str     0x00000000       0xbf c:/winavr-20100110/bin/../lib/gcc/avr/4.3.3/avr5\libgcc.a(_fixunssfsi.o)
                                 0xfe (size before relaxing)
 .debug_str     0x000000bf      0x14d c:/winavr-20100110/bin/../lib/gcc/avr/4.3.3/avr5\libgcc.a(_addsub_sf.o)
                                0x206 (size before relaxing)
 .debug_str     0x0000020c       0x27 c:/winavr-20100110/bin/../lib/gcc/avr/4.3.3/avr5\libgcc.a(_mul_sf.o)
                                0x1bf (size before relaxing)
 .debug_str     0x00000233       0x35 c:/winavr-20100110/bin/../lib/gcc/avr/4.3.3/avr5\libgcc.a(_div_sf.o)
                                0x1c8 (size before relaxing)
 .debug_str     0x00000268        0x8 c:/winavr-20100110/bin/../lib/gcc/avr/4.3.3/avr5\libgcc.a(_gt_sf.o)
                                0x195 (size before relaxing)
 .debug_str     0x00000270        0x8 c:/winavr-20100110/bin/../lib/gcc/avr/4.3.3/avr5\libgcc.a(_ge_sf.o)
                                0x195 (size before relaxing)
 .debug_str     0x00000278        0x8 c:/winavr-20100110/bin/../lib/gcc/avr/4.3.3/avr5\libgcc.a(_lt_sf.o)
                                0x195 (size before relaxing)
 .debug_str     0x00000280        0xa c:/winavr-20100110/bin/../lib/gcc/avr/4.3.3/avr5\libgcc.a(_sf_to_si.o)
                                0x19e (size before relaxing)
 .debug_str     0x00000000      0x103 c:/winavr-20100110/bin/../lib/gcc/avr/4.3.3/avr5\libgcc.a(_thenan_sf.o)
 .debug_str     0x0000028a       0x21 c:/winavr-20100110/bin/../lib/gcc/avr/4.3.3/avr5\libgcc.a(_usi_to_sf.o)
                                0x177 (size before relaxing)
 .debug_str     0x000002ab       0x20 c:/winavr-20100110/bin/../lib/gcc/avr/4.3.3/avr5\libgcc.a(_clzsi2.o)
                                0x111 (size before relaxing)
 .debug_str     0x000002cb       0x10 c:/winavr-20100110/bin/../lib/gcc/avr/4.3.3/avr5\libgcc.a(_pack_sf.o)
                                0x19d (size before relaxing)
 .debug_str     0x000002db        0xb c:/winavr-20100110/bin/../lib/gcc/avr/4.3.3/avr5\libgcc.a(_unpack_sf.o)
                                0x17f (size before relaxing)
 .debug_str     0x000002e6       0x10 c:/winavr-20100110/bin/../lib/gcc/avr/4.3.3/avr5\libgcc.a(_fpcmp_parts_sf.o)
                                0x163 (size before relaxing)
 .debug_str     0x00000000       0xf4 c:/winavr-20100110/bin/../lib/gcc/avr/4.3.3/avr5\libgcc.a(_clz.o)

.debug_loc      0x00000000      0x96e
 *(.debug_loc)
 .debug_loc     0x00000000       0x34 c:/winavr-20100110/bin/../lib/gcc/avr/4.3.3/avr5\libgcc.a(_fixunssfsi.o)
 .debug_loc     0x00000034      0x32a c:/winavr-20100110/bin/../lib/gcc/avr/4.3.3/avr5\libgcc.a(_addsub_sf.o)
 .debug_loc     0x0000035e      0x104 c:/winavr-20100110/bin/../lib/gcc/avr/4.3.3/avr5\libgcc.a(_mul_sf.o)
 .debug_loc     0x00000462       0xc0 c:/winavr-20100110/bin/../lib/gcc/avr/4.3.3/avr5\libgcc.a(_div_sf.o)
 .debug_loc     0x00000522       0x3c c:/winavr-20100110/bin/../lib/gcc/avr/4.3.3/avr5\libgcc.a(_gt_sf.o)
 .debug_loc     0x0000055e       0x3c c:/winavr-20100110/bin/../lib/gcc/avr/4.3.3/avr5\libgcc.a(_ge_sf.o)
 .debug_loc     0x0000059a       0x3c c:/winavr-20100110/bin/../lib/gcc/avr/4.3.3/avr5\libgcc.a(_lt_sf.o)
 .debug_loc     0x000005d6       0x7e c:/winavr-20100110/bin/../lib/gcc/avr/4.3.3/avr5\libgcc.a(_sf_to_si.o)
 .debug_loc     0x00000654       0x4c c:/winavr-20100110/bin/../lib/gcc/avr/4.3.3/avr5\libgcc.a(_usi_to_sf.o)
 .debug_loc     0x000006a0       0x94 c:/winavr-20100110/bin/../lib/gcc/avr/4.3.3/avr5\libgcc.a(_clzsi2.o)
 .debug_loc     0x00000734      0x13e c:/winavr-20100110/bin/../lib/gcc/avr/4.3.3/avr5\libgcc.a(_pack_sf.o)
 .debug_loc     0x00000872       0xac c:/winavr-20100110/bin/../lib/gcc/avr/4.3.3/avr5\libgcc.a(_unpack_sf.o)
 .debug_loc     0x0000091e       0x50 c:/winavr-20100110/bin/../lib/gcc/avr/4.3.3/avr5\libgcc.a(_fpcmp_parts_sf.o)

.debug_macinfo
 *(.debug_macinfo)
OUTPUT(Atmega32-Drives.elf elf32-avr)
LOAD linker stubs

.debug_ranges   0x00000000       0x50
 .debug_ranges  0x00000000       0x50 c:/winavr-20100110/bin/../lib/gcc/avr/4.3.3/avr5\libgcc.a(_mul_sf.o)
